------------------------------------------------------------
TimeQuest Timing Analyzer Summary
------------------------------------------------------------

Type  : Slow Model Setup 'ADC_LCLK1'
Slack : -42.804
TNS   : -814.370

Type  : Slow Model Setup 'Ck_100MHz_virt'
Slack : -21.204
TNS   : -1364.260

Type  : Slow Model Setup 'Ddr2SdramIf_inst|Ddr2SdramIf_controller_phy_inst|Ddr2SdramIf_phy_inst|Ddr2SdramIf_phy_alt_mem_phy_inst|clk|pll|altpll_component|pll|clk[0]'
Slack : -8.631
TNS   : -961.827

Type  : Slow Model Setup 'ADC_LCLK2'
Slack : -6.002
TNS   : -192.356

Type  : Slow Model Setup 'ClockGenerator|altpll_component|pll|clk[0]'
Slack : -5.834
TNS   : -18.325

Type  : Slow Model Setup 'ClockGenerator|altpll_component|pll|clk[0]~1'
Slack : -5.824
TNS   : -18.275

Type  : Slow Model Setup 'AuroraInterface|aurora_8b10b_arria_gxb_inst|aurora_8b10b_v5_3_inst|gtx_wrapper_i|gxb_transceiver_inst|alt2gxb_component|channel_tx[0].transmit|clkout'
Slack : -3.752
TNS   : -99.382

Type  : Slow Model Setup 'ClockGenerator|altpll_component|pll|clk[1]'
Slack : -3.004
TNS   : -118.151

Type  : Slow Model Setup 'ClockGenerator|altpll_component|pll|clk[1]~1'
Slack : -2.994
TNS   : -117.261

Type  : Slow Model Setup 'ADC_FRAME_CK2'
Slack : -1.070
TNS   : -1.356

Type  : Slow Model Setup 'ADC_FRAME_CK1'
Slack : -1.037
TNS   : -1.037

Type  : Slow Model Setup 'Ddr2SdramIf_inst|Ddr2SdramIf_controller_phy_inst|Ddr2SdramIf_phy_inst|Ddr2SdramIf_phy_ddr_dqsout_SDRAM_DQS'
Slack : 0.089
TNS   : 0.000

Type  : Slow Model Setup 'Ddr2SdramIf_inst|Ddr2SdramIf_controller_phy_inst|Ddr2SdramIf_phy_inst|Ddr2SdramIf_phy_ddr_dqsin_SDRAM_DQS'
Slack : 0.315
TNS   : 0.000

Type  : Slow Model Setup 'Ddr2SdramIf_inst|Ddr2SdramIf_controller_phy_inst|Ddr2SdramIf_phy_inst|Ddr2SdramIf_phy_ddr_mimic'
Slack : 0.812
TNS   : 0.000

Type  : Slow Model Setup 'Ddr2SdramIf_inst|Ddr2SdramIf_controller_phy_inst|Ddr2SdramIf_phy_inst|Ddr2SdramIf_phy_alt_mem_phy_inst|clk|pll|altpll_component|pll|clk[2]'
Slack : 1.200
TNS   : 0.000

Type  : Slow Model Setup 'Ddr2SdramIf_inst|Ddr2SdramIf_controller_phy_inst|Ddr2SdramIf_phy_inst|Ddr2SdramIf_phy_ck_n_SDRAM_CKb_tDQSS'
Slack : 1.211
TNS   : 0.000

Type  : Slow Model Setup 'Ddr2SdramIf_inst|Ddr2SdramIf_controller_phy_inst|Ddr2SdramIf_phy_inst|Ddr2SdramIf_phy_ck_p_SDRAM_CK_tDQSS'
Slack : 1.222
TNS   : 0.000

Type  : Slow Model Setup 'Ddr2SdramIf_inst|Ddr2SdramIf_controller_phy_inst|Ddr2SdramIf_phy_inst|Ddr2SdramIf_phy_ck_n_SDRAM_CKb_tDSS'
Slack : 1.294
TNS   : 0.000

Type  : Slow Model Setup 'Ddr2SdramIf_inst|Ddr2SdramIf_controller_phy_inst|Ddr2SdramIf_phy_inst|Ddr2SdramIf_phy_ck_p_SDRAM_CK_tDSS'
Slack : 1.305
TNS   : 0.000

Type  : Slow Model Setup 'n/a'
Slack : 1.602
TNS   : 0.000

Type  : Slow Model Setup 'Ddr2SdramIf_inst|Ddr2SdramIf_controller_phy_inst|Ddr2SdramIf_phy_inst|Ddr2SdramIf_phy_alt_mem_phy_inst|clk|pll|altpll_component|pll|clk[4]'
Slack : 1.947
TNS   : 0.000

Type  : Slow Model Setup 'Ddr2SdramIf_inst|Ddr2SdramIf_controller_phy_inst|Ddr2SdramIf_phy_inst|Ddr2SdramIf_phy_ck_n_SDRAM_CKb_ac_fall'
Slack : 2.227
TNS   : 0.000

Type  : Slow Model Setup 'Ddr2SdramIf_inst|Ddr2SdramIf_controller_phy_inst|Ddr2SdramIf_phy_inst|Ddr2SdramIf_phy_ck_p_SDRAM_CK_ac_fall'
Slack : 2.238
TNS   : 0.000

Type  : Slow Model Setup 'Ddr2SdramIf_inst|Ddr2SdramIf_controller_phy_inst|Ddr2SdramIf_phy_inst|Ddr2SdramIf_phy_alt_mem_phy_inst|clk|pll|altpll_component|pll|clk[1]'
Slack : 2.259
TNS   : 0.000

Type  : Slow Model Setup 'Ddr2SdramIf_inst|Ddr2SdramIf_controller_phy_inst|Ddr2SdramIf_phy_inst|Ddr2SdramIf_phy_ddr_postamble'
Slack : 4.240
TNS   : 0.000

Type  : Slow Model Setup 'Ck_40MHz_virt'
Slack : 5.095
TNS   : 0.000

Type  : Slow Model Setup 'Ddr2SdramIf_inst|Ddr2SdramIf_controller_phy_inst|Ddr2SdramIf_phy_inst|Ddr2SdramIf_phy_alt_mem_phy_inst|clk|scan_clk|regout_clock'
Slack : 11.035
TNS   : 0.000

Type  : Slow Model Setup 'AuroraInterface|aurora_8b10b_arria_gxb_inst|aurora_8b10b_v5_3_inst|gtx_wrapper_i|gxb_transceiver_inst|alt2gxb_component|channel_rec[0].receive|clkout'
Slack : 11.096
TNS   : 0.000

Type  : Slow Model Setup 'Ck_10MHz_virt'
Slack : 15.085
TNS   : 0.000

Type  : Slow Model Setup 'MASTER_CLOCK'
Slack : 23.974
TNS   : 0.000

Type  : Slow Model Setup 'Ddr2SdramIf_inst|Ddr2SdramIf_controller_phy_inst|Ddr2SdramIf_phy_inst|Ddr2SdramIf_phy_ddr_resync'
Slack : 102.220
TNS   : 0.000

Type  : Slow Model Setup 'ClockGenerator|altpll_component|pll|clk[2]'
Slack : 830.294
TNS   : 0.000

Type  : Slow Model Setup 'ClockGenerator|altpll_component|pll|clk[2]~1'
Slack : 830.314
TNS   : 0.000

Type  : Slow Model Hold 'ADC_LCLK1'
Slack : -3.560
TNS   : -17.741

Type  : Slow Model Hold 'Ddr2SdramIf_inst|Ddr2SdramIf_controller_phy_inst|Ddr2SdramIf_phy_inst|Ddr2SdramIf_phy_alt_mem_phy_inst|clk|pll|altpll_component|pll|clk[0]'
Slack : -2.685
TNS   : -173.604

Type  : Slow Model Hold 'ADC_LCLK2'
Slack : -0.761
TNS   : -12.588

Type  : Slow Model Hold 'ClockGenerator|altpll_component|pll|clk[0]~1'
Slack : 0.340
TNS   : 0.000

Type  : Slow Model Hold 'ClockGenerator|altpll_component|pll|clk[1]~1'
Slack : 0.340
TNS   : 0.000

Type  : Slow Model Hold 'ClockGenerator|altpll_component|pll|clk[2]~1'
Slack : 0.340
TNS   : 0.000

Type  : Slow Model Hold 'ClockGenerator|altpll_component|pll|clk[0]'
Slack : 0.360
TNS   : 0.000

Type  : Slow Model Hold 'ClockGenerator|altpll_component|pll|clk[1]'
Slack : 0.360
TNS   : 0.000

Type  : Slow Model Hold 'ClockGenerator|altpll_component|pll|clk[2]'
Slack : 0.360
TNS   : 0.000

Type  : Slow Model Hold 'Ddr2SdramIf_inst|Ddr2SdramIf_controller_phy_inst|Ddr2SdramIf_phy_inst|Ddr2SdramIf_phy_alt_mem_phy_inst|clk|scan_clk|regout_clock'
Slack : 0.480
TNS   : 0.000

Type  : Slow Model Hold 'ADC_FRAME_CK1'
Slack : 0.490
TNS   : 0.000

Type  : Slow Model Hold 'ADC_FRAME_CK2'
Slack : 0.490
TNS   : 0.000

Type  : Slow Model Hold 'AuroraInterface|aurora_8b10b_arria_gxb_inst|aurora_8b10b_v5_3_inst|gtx_wrapper_i|gxb_transceiver_inst|alt2gxb_component|channel_rec[0].receive|clkout'
Slack : 0.490
TNS   : 0.000

Type  : Slow Model Hold 'AuroraInterface|aurora_8b10b_arria_gxb_inst|aurora_8b10b_v5_3_inst|gtx_wrapper_i|gxb_transceiver_inst|alt2gxb_component|channel_tx[0].transmit|clkout'
Slack : 0.490
TNS   : 0.000

Type  : Slow Model Hold 'Ddr2SdramIf_inst|Ddr2SdramIf_controller_phy_inst|Ddr2SdramIf_phy_inst|Ddr2SdramIf_phy_alt_mem_phy_inst|clk|pll|altpll_component|pll|clk[1]'
Slack : 0.490
TNS   : 0.000

Type  : Slow Model Hold 'Ddr2SdramIf_inst|Ddr2SdramIf_controller_phy_inst|Ddr2SdramIf_phy_inst|Ddr2SdramIf_phy_alt_mem_phy_inst|clk|pll|altpll_component|pll|clk[2]'
Slack : 0.490
TNS   : 0.000

Type  : Slow Model Hold 'Ddr2SdramIf_inst|Ddr2SdramIf_controller_phy_inst|Ddr2SdramIf_phy_inst|Ddr2SdramIf_phy_alt_mem_phy_inst|clk|pll|altpll_component|pll|clk[4]'
Slack : 0.490
TNS   : 0.000

Type  : Slow Model Hold 'MASTER_CLOCK'
Slack : 0.517
TNS   : 0.000

Type  : Slow Model Hold 'Ddr2SdramIf_inst|Ddr2SdramIf_controller_phy_inst|Ddr2SdramIf_phy_inst|Ddr2SdramIf_phy_ddr_postamble'
Slack : 0.519
TNS   : 0.000

Type  : Slow Model Hold 'Ddr2SdramIf_inst|Ddr2SdramIf_controller_phy_inst|Ddr2SdramIf_phy_inst|Ddr2SdramIf_phy_ddr_dqsin_SDRAM_DQS'
Slack : 0.878
TNS   : 0.000

Type  : Slow Model Hold 'Ddr2SdramIf_inst|Ddr2SdramIf_controller_phy_inst|Ddr2SdramIf_phy_inst|Ddr2SdramIf_phy_ddr_mimic'
Slack : 1.044
TNS   : 0.000

Type  : Slow Model Hold 'Ddr2SdramIf_inst|Ddr2SdramIf_controller_phy_inst|Ddr2SdramIf_phy_inst|Ddr2SdramIf_phy_ddr_dqsout_SDRAM_DQS'
Slack : 1.137
TNS   : 0.000

Type  : Slow Model Hold 'Ddr2SdramIf_inst|Ddr2SdramIf_controller_phy_inst|Ddr2SdramIf_phy_inst|Ddr2SdramIf_phy_ck_p_SDRAM_CK_tDQSS'
Slack : 1.210
TNS   : 0.000

Type  : Slow Model Hold 'Ddr2SdramIf_inst|Ddr2SdramIf_controller_phy_inst|Ddr2SdramIf_phy_inst|Ddr2SdramIf_phy_ck_n_SDRAM_CKb_tDQSS'
Slack : 1.221
TNS   : 0.000

Type  : Slow Model Hold 'Ddr2SdramIf_inst|Ddr2SdramIf_controller_phy_inst|Ddr2SdramIf_phy_inst|Ddr2SdramIf_phy_ck_p_SDRAM_CK_tDSS'
Slack : 1.292
TNS   : 0.000

Type  : Slow Model Hold 'Ddr2SdramIf_inst|Ddr2SdramIf_controller_phy_inst|Ddr2SdramIf_phy_inst|Ddr2SdramIf_phy_ck_n_SDRAM_CKb_tDSS'
Slack : 1.303
TNS   : 0.000

Type  : Slow Model Hold 'Ddr2SdramIf_inst|Ddr2SdramIf_controller_phy_inst|Ddr2SdramIf_phy_inst|Ddr2SdramIf_phy_ck_p_SDRAM_CK_ac_fall'
Slack : 1.639
TNS   : 0.000

Type  : Slow Model Hold 'Ddr2SdramIf_inst|Ddr2SdramIf_controller_phy_inst|Ddr2SdramIf_phy_inst|Ddr2SdramIf_phy_ck_n_SDRAM_CKb_ac_fall'
Slack : 1.650
TNS   : 0.000

Type  : Slow Model Hold 'n/a'
Slack : 1.697
TNS   : 0.000

Type  : Slow Model Hold 'Ck_100MHz_virt'
Slack : 2.974
TNS   : 0.000

Type  : Slow Model Hold 'Ck_40MHz_virt'
Slack : 4.305
TNS   : 0.000

Type  : Slow Model Hold 'Ck_10MHz_virt'
Slack : 5.454
TNS   : 0.000

Type  : Slow Model Hold 'Ddr2SdramIf_inst|Ddr2SdramIf_controller_phy_inst|Ddr2SdramIf_phy_inst|Ddr2SdramIf_phy_ddr_resync'
Slack : 102.368
TNS   : 0.000

Type  : Slow Model Recovery 'ClockGenerator|altpll_component|pll|clk[2]'
Slack : -6.830
TNS   : -12.408

Type  : Slow Model Recovery 'ClockGenerator|altpll_component|pll|clk[2]~1'
Slack : -6.820
TNS   : -12.378

Type  : Slow Model Recovery 'ADC_FRAME_CK2'
Slack : -5.035
TNS   : -4307.793

Type  : Slow Model Recovery 'ADC_FRAME_CK1'
Slack : -5.011
TNS   : -4931.686

Type  : Slow Model Recovery 'AuroraInterface|aurora_8b10b_arria_gxb_inst|aurora_8b10b_v5_3_inst|gtx_wrapper_i|gxb_transceiver_inst|alt2gxb_component|channel_tx[0].transmit|clkout'
Slack : -3.649
TNS   : -43.788

Type  : Slow Model Recovery 'Ddr2SdramIf_inst|Ddr2SdramIf_controller_phy_inst|Ddr2SdramIf_phy_inst|Ddr2SdramIf_phy_alt_mem_phy_inst|clk|pll|altpll_component|pll|clk[0]'
Slack : -1.537
TNS   : -35.425

Type  : Slow Model Recovery 'Ddr2SdramIf_inst|Ddr2SdramIf_controller_phy_inst|Ddr2SdramIf_phy_inst|Ddr2SdramIf_phy_alt_mem_phy_inst|clk|pll|altpll_component|pll|clk[2]'
Slack : 2.078
TNS   : 0.000

Type  : Slow Model Recovery 'Ddr2SdramIf_inst|Ddr2SdramIf_controller_phy_inst|Ddr2SdramIf_phy_inst|Ddr2SdramIf_phy_alt_mem_phy_inst|clk|pll|altpll_component|pll|clk[4]'
Slack : 3.325
TNS   : 0.000

Type  : Slow Model Recovery 'Ddr2SdramIf_inst|Ddr2SdramIf_controller_phy_inst|Ddr2SdramIf_phy_inst|Ddr2SdramIf_phy_ddr_postamble'
Slack : 3.566
TNS   : 0.000

Type  : Slow Model Recovery 'Ddr2SdramIf_inst|Ddr2SdramIf_controller_phy_inst|Ddr2SdramIf_phy_inst|Ddr2SdramIf_phy_alt_mem_phy_inst|clk|pll|altpll_component|pll|clk[1]'
Slack : 3.706
TNS   : 0.000

Type  : Slow Model Recovery 'ClockGenerator|altpll_component|pll|clk[0]'
Slack : 16.444
TNS   : 0.000

Type  : Slow Model Recovery 'ClockGenerator|altpll_component|pll|clk[1]'
Slack : 16.444
TNS   : 0.000

Type  : Slow Model Recovery 'ClockGenerator|altpll_component|pll|clk[0]~1'
Slack : 16.454
TNS   : 0.000

Type  : Slow Model Recovery 'ClockGenerator|altpll_component|pll|clk[1]~1'
Slack : 16.454
TNS   : 0.000

Type  : Slow Model Recovery 'Ddr2SdramIf_inst|Ddr2SdramIf_controller_phy_inst|Ddr2SdramIf_phy_inst|Ddr2SdramIf_phy_alt_mem_phy_inst|clk|scan_clk|regout_clock'
Slack : 18.729
TNS   : 0.000

Type  : Slow Model Recovery 'Ddr2SdramIf_inst|Ddr2SdramIf_controller_phy_inst|Ddr2SdramIf_phy_inst|Ddr2SdramIf_phy_ddr_dqsin_SDRAM_DQS'
Slack : 101.967
TNS   : 0.000

Type  : Slow Model Removal 'Ddr2SdramIf_inst|Ddr2SdramIf_controller_phy_inst|Ddr2SdramIf_phy_inst|Ddr2SdramIf_phy_alt_mem_phy_inst|clk|pll|altpll_component|pll|clk[0]'
Slack : 0.644
TNS   : 0.000

Type  : Slow Model Removal 'Ddr2SdramIf_inst|Ddr2SdramIf_controller_phy_inst|Ddr2SdramIf_phy_inst|Ddr2SdramIf_phy_alt_mem_phy_inst|clk|pll|altpll_component|pll|clk[4]'
Slack : 1.047
TNS   : 0.000

Type  : Slow Model Removal 'AuroraInterface|aurora_8b10b_arria_gxb_inst|aurora_8b10b_v5_3_inst|gtx_wrapper_i|gxb_transceiver_inst|alt2gxb_component|channel_tx[0].transmit|clkout'
Slack : 1.053
TNS   : 0.000

Type  : Slow Model Removal 'Ddr2SdramIf_inst|Ddr2SdramIf_controller_phy_inst|Ddr2SdramIf_phy_inst|Ddr2SdramIf_phy_alt_mem_phy_inst|clk|pll|altpll_component|pll|clk[1]'
Slack : 1.053
TNS   : 0.000

Type  : Slow Model Removal 'Ddr2SdramIf_inst|Ddr2SdramIf_controller_phy_inst|Ddr2SdramIf_phy_inst|Ddr2SdramIf_phy_ddr_postamble'
Slack : 1.193
TNS   : 0.000

Type  : Slow Model Removal 'Ddr2SdramIf_inst|Ddr2SdramIf_controller_phy_inst|Ddr2SdramIf_phy_inst|Ddr2SdramIf_phy_alt_mem_phy_inst|clk|scan_clk|regout_clock'
Slack : 1.409
TNS   : 0.000

Type  : Slow Model Removal 'ClockGenerator|altpll_component|pll|clk[1]~1'
Slack : 1.533
TNS   : 0.000

Type  : Slow Model Removal 'ClockGenerator|altpll_component|pll|clk[1]'
Slack : 1.553
TNS   : 0.000

Type  : Slow Model Removal 'Ddr2SdramIf_inst|Ddr2SdramIf_controller_phy_inst|Ddr2SdramIf_phy_inst|Ddr2SdramIf_phy_alt_mem_phy_inst|clk|pll|altpll_component|pll|clk[2]'
Slack : 1.849
TNS   : 0.000

Type  : Slow Model Removal 'ADC_FRAME_CK1'
Slack : 3.382
TNS   : 0.000

Type  : Slow Model Removal 'ADC_FRAME_CK2'
Slack : 3.866
TNS   : 0.000

Type  : Slow Model Removal 'ClockGenerator|altpll_component|pll|clk[0]~1'
Slack : 4.530
TNS   : 0.000

Type  : Slow Model Removal 'ClockGenerator|altpll_component|pll|clk[0]'
Slack : 4.540
TNS   : 0.000

Type  : Slow Model Removal 'ClockGenerator|altpll_component|pll|clk[2]~1'
Slack : 5.333
TNS   : 0.000

Type  : Slow Model Removal 'ClockGenerator|altpll_component|pll|clk[2]'
Slack : 5.353
TNS   : 0.000

Type  : Slow Model Removal 'Ddr2SdramIf_inst|Ddr2SdramIf_controller_phy_inst|Ddr2SdramIf_phy_inst|Ddr2SdramIf_phy_ddr_dqsin_SDRAM_DQS'
Slack : 102.769
TNS   : 0.000

Type  : Slow Model Minimum Pulse Width 'ADC_LCLK1'
Slack : 0.082
TNS   : 0.000

Type  : Slow Model Minimum Pulse Width 'ADC_LCLK2'
Slack : 0.082
TNS   : 0.000

Type  : Slow Model Minimum Pulse Width 'Ddr2SdramIf_inst|Ddr2SdramIf_controller_phy_inst|Ddr2SdramIf_phy_inst|Ddr2SdramIf_phy_SDRAM_CK_mimic_launch_clock'
Slack : 0.897
TNS   : 0.000

Type  : Slow Model Minimum Pulse Width 'Ddr2SdramIf_inst|Ddr2SdramIf_controller_phy_inst|Ddr2SdramIf_phy_inst|Ddr2SdramIf_phy_alt_mem_phy_inst|clk|pll|altpll_component|pll|clk[1]'
Slack : 0.897
TNS   : 0.000

Type  : Slow Model Minimum Pulse Width 'Ddr2SdramIf_inst|Ddr2SdramIf_controller_phy_inst|Ddr2SdramIf_phy_inst|Ddr2SdramIf_phy_ck_n_SDRAM_CKb_ac_fall'
Slack : 0.897
TNS   : 0.000

Type  : Slow Model Minimum Pulse Width 'Ddr2SdramIf_inst|Ddr2SdramIf_controller_phy_inst|Ddr2SdramIf_phy_inst|Ddr2SdramIf_phy_ck_n_SDRAM_CKb_ac_rise'
Slack : 0.897
TNS   : 0.000

Type  : Slow Model Minimum Pulse Width 'Ddr2SdramIf_inst|Ddr2SdramIf_controller_phy_inst|Ddr2SdramIf_phy_inst|Ddr2SdramIf_phy_ck_n_SDRAM_CKb_tDQSS'
Slack : 0.897
TNS   : 0.000

Type  : Slow Model Minimum Pulse Width 'Ddr2SdramIf_inst|Ddr2SdramIf_controller_phy_inst|Ddr2SdramIf_phy_inst|Ddr2SdramIf_phy_ck_n_SDRAM_CKb_tDSS'
Slack : 0.897
TNS   : 0.000

Type  : Slow Model Minimum Pulse Width 'Ddr2SdramIf_inst|Ddr2SdramIf_controller_phy_inst|Ddr2SdramIf_phy_inst|Ddr2SdramIf_phy_ck_p_SDRAM_CK_ac_fall'
Slack : 0.897
TNS   : 0.000

Type  : Slow Model Minimum Pulse Width 'Ddr2SdramIf_inst|Ddr2SdramIf_controller_phy_inst|Ddr2SdramIf_phy_inst|Ddr2SdramIf_phy_ck_p_SDRAM_CK_ac_rise'
Slack : 0.897
TNS   : 0.000

Type  : Slow Model Minimum Pulse Width 'Ddr2SdramIf_inst|Ddr2SdramIf_controller_phy_inst|Ddr2SdramIf_phy_inst|Ddr2SdramIf_phy_ck_p_SDRAM_CK_tDQSS'
Slack : 0.897
TNS   : 0.000

Type  : Slow Model Minimum Pulse Width 'Ddr2SdramIf_inst|Ddr2SdramIf_controller_phy_inst|Ddr2SdramIf_phy_inst|Ddr2SdramIf_phy_ck_p_SDRAM_CK_tDSS'
Slack : 0.897
TNS   : 0.000

Type  : Slow Model Minimum Pulse Width 'Ddr2SdramIf_inst|Ddr2SdramIf_controller_phy_inst|Ddr2SdramIf_phy_inst|Ddr2SdramIf_phy_alt_mem_phy_inst|clk|pll|altpll_component|pll|clk[4]'
Slack : 1.195
TNS   : 0.000

Type  : Slow Model Minimum Pulse Width 'Ddr2SdramIf_inst|Ddr2SdramIf_controller_phy_inst|Ddr2SdramIf_phy_inst|Ddr2SdramIf_phy_ddr_dqsin_SDRAM_DQS'
Slack : 1.726
TNS   : 0.000

Type  : Slow Model Minimum Pulse Width 'Ddr2SdramIf_inst|Ddr2SdramIf_controller_phy_inst|Ddr2SdramIf_phy_inst|Ddr2SdramIf_phy_ddr_dqsout_SDRAM_DQS'
Slack : 1.726
TNS   : 0.000

Type  : Slow Model Minimum Pulse Width 'Ddr2SdramIf_inst|Ddr2SdramIf_controller_phy_inst|Ddr2SdramIf_phy_inst|Ddr2SdramIf_phy_alt_mem_phy_inst|clk|pll|altpll_component|pll|clk[2]'
Slack : 1.754
TNS   : 0.000

Type  : Slow Model Minimum Pulse Width 'Ddr2SdramIf_inst|Ddr2SdramIf_controller_phy_inst|Ddr2SdramIf_phy_inst|Ddr2SdramIf_phy_alt_mem_phy_inst|clk|pll|altpll_component|pll|clk[5]'
Slack : 1.754
TNS   : 0.000

Type  : Slow Model Minimum Pulse Width 'Ddr2SdramIf_inst|Ddr2SdramIf_controller_phy_inst|Ddr2SdramIf_phy_inst|Ddr2SdramIf_phy_ddr_mimic'
Slack : 1.754
TNS   : 0.000

Type  : Slow Model Minimum Pulse Width 'Ddr2SdramIf_inst|Ddr2SdramIf_controller_phy_inst|Ddr2SdramIf_phy_inst|Ddr2SdramIf_phy_ddr_postamble'
Slack : 1.754
TNS   : 0.000

Type  : Slow Model Minimum Pulse Width 'Ddr2SdramIf_inst|Ddr2SdramIf_controller_phy_inst|Ddr2SdramIf_phy_inst|Ddr2SdramIf_phy_ddr_resync'
Slack : 1.754
TNS   : 0.000

Type  : Slow Model Minimum Pulse Width 'Ddr2SdramIf_inst|Ddr2SdramIf_controller_phy_inst|Ddr2SdramIf_phy_inst|Ddr2SdramIf_phy_alt_mem_phy_inst|clk|pll|altpll_component|pll|clk[0]'
Slack : 3.551
TNS   : 0.000

Type  : Slow Model Minimum Pulse Width 'Ddr2SdramIf_inst|Ddr2SdramIf_controller_phy_inst|Ddr2SdramIf_phy_inst|Ddr2SdramIf_phy_alt_mem_phy_inst|clk|scan_clk|regout_clock'
Slack : 5.526
TNS   : 0.000

Type  : Slow Model Minimum Pulse Width 'AuroraInterface|aurora_8b10b_arria_gxb_inst|aurora_8b10b_v5_3_inst|gtx_wrapper_i|gxb_transceiver_inst|alt2gxb_component|channel_rec[0].receive|clkout'
Slack : 5.750
TNS   : 0.000

Type  : Slow Model Minimum Pulse Width 'AuroraInterface|aurora_8b10b_arria_gxb_inst|aurora_8b10b_v5_3_inst|gtx_wrapper_i|gxb_transceiver_inst|alt2gxb_component|channel_tx[0].transmit|clkout'
Slack : 5.750
TNS   : 0.000

Type  : Slow Model Minimum Pulse Width 'ADC_FRAME_CK1'
Slack : 10.990
TNS   : 0.000

Type  : Slow Model Minimum Pulse Width 'ADC_FRAME_CK2'
Slack : 10.990
TNS   : 0.000

Type  : Slow Model Minimum Pulse Width 'ClockGenerator|altpll_component|pll|clk[0]'
Slack : 11.623
TNS   : 0.000

Type  : Slow Model Minimum Pulse Width 'ClockGenerator|altpll_component|pll|clk[0]~1'
Slack : 11.623
TNS   : 0.000

Type  : Slow Model Minimum Pulse Width 'MASTER_CLOCK'
Slack : 11.623
TNS   : 0.000

Type  : Slow Model Minimum Pulse Width 'USER_IN_NIM[1]'
Slack : 12.500
TNS   : 0.000

Type  : Slow Model Minimum Pulse Width 'GXB_CK'
Slack : 13.325
TNS   : 0.000

Type  : Slow Model Minimum Pulse Width 'ClockGenerator|altpll_component|pll|clk[1]'
Slack : 49.123
TNS   : 0.000

Type  : Slow Model Minimum Pulse Width 'ClockGenerator|altpll_component|pll|clk[1]~1'
Slack : 49.123
TNS   : 0.000

Type  : Slow Model Minimum Pulse Width 'ClockGenerator|altpll_component|pll|clk[2]'
Slack : 415.789
TNS   : 0.000

Type  : Slow Model Minimum Pulse Width 'ClockGenerator|altpll_component|pll|clk[2]~1'
Slack : 415.789
TNS   : 0.000

Type  : Fast Model Setup 'ADC_LCLK1'
Slack : -29.725
TNS   : -558.247

Type  : Fast Model Setup 'Ck_100MHz_virt'
Slack : -10.715
TNS   : -695.167

Type  : Fast Model Setup 'Ddr2SdramIf_inst|Ddr2SdramIf_controller_phy_inst|Ddr2SdramIf_phy_inst|Ddr2SdramIf_phy_alt_mem_phy_inst|clk|pll|altpll_component|pll|clk[0]'
Slack : -8.713
TNS   : -901.020

Type  : Fast Model Setup 'ADC_LCLK2'
Slack : -2.479
TNS   : -93.080

Type  : Fast Model Setup 'ClockGenerator|altpll_component|pll|clk[0]'
Slack : -1.828
TNS   : -4.919

Type  : Fast Model Setup 'ClockGenerator|altpll_component|pll|clk[0]~1'
Slack : -1.818
TNS   : -4.879

Type  : Fast Model Setup 'AuroraInterface|aurora_8b10b_arria_gxb_inst|aurora_8b10b_v5_3_inst|gtx_wrapper_i|gxb_transceiver_inst|alt2gxb_component|channel_tx[0].transmit|clkout'
Slack : -1.682
TNS   : -44.208

Type  : Fast Model Setup 'ADC_FRAME_CK2'
Slack : -0.384
TNS   : -0.384

Type  : Fast Model Setup 'ADC_FRAME_CK1'
Slack : -0.312
TNS   : -0.312

Type  : Fast Model Setup 'Ddr2SdramIf_inst|Ddr2SdramIf_controller_phy_inst|Ddr2SdramIf_phy_inst|Ddr2SdramIf_phy_ddr_dqsin_SDRAM_DQS'
Slack : 0.478
TNS   : 0.000

Type  : Fast Model Setup 'Ddr2SdramIf_inst|Ddr2SdramIf_controller_phy_inst|Ddr2SdramIf_phy_inst|Ddr2SdramIf_phy_ddr_dqsout_SDRAM_DQS'
Slack : 0.605
TNS   : 0.000

Type  : Fast Model Setup 'Ddr2SdramIf_inst|Ddr2SdramIf_controller_phy_inst|Ddr2SdramIf_phy_inst|Ddr2SdramIf_phy_ck_n_SDRAM_CKb_tDQSS'
Slack : 1.191
TNS   : 0.000

Type  : Fast Model Setup 'Ddr2SdramIf_inst|Ddr2SdramIf_controller_phy_inst|Ddr2SdramIf_phy_inst|Ddr2SdramIf_phy_ck_p_SDRAM_CK_tDQSS'
Slack : 1.198
TNS   : 0.000

Type  : Fast Model Setup 'Ddr2SdramIf_inst|Ddr2SdramIf_controller_phy_inst|Ddr2SdramIf_phy_inst|Ddr2SdramIf_phy_ck_n_SDRAM_CKb_tDSS'
Slack : 1.274
TNS   : 0.000

Type  : Fast Model Setup 'Ddr2SdramIf_inst|Ddr2SdramIf_controller_phy_inst|Ddr2SdramIf_phy_inst|Ddr2SdramIf_phy_ck_p_SDRAM_CK_tDSS'
Slack : 1.281
TNS   : 0.000

Type  : Fast Model Setup 'Ddr2SdramIf_inst|Ddr2SdramIf_controller_phy_inst|Ddr2SdramIf_phy_inst|Ddr2SdramIf_phy_ddr_mimic'
Slack : 1.605
TNS   : 0.000

Type  : Fast Model Setup 'ClockGenerator|altpll_component|pll|clk[1]'
Slack : 1.626
TNS   : 0.000

Type  : Fast Model Setup 'ClockGenerator|altpll_component|pll|clk[1]~1'
Slack : 1.636
TNS   : 0.000

Type  : Fast Model Setup 'Ddr2SdramIf_inst|Ddr2SdramIf_controller_phy_inst|Ddr2SdramIf_phy_inst|Ddr2SdramIf_phy_alt_mem_phy_inst|clk|pll|altpll_component|pll|clk[2]'
Slack : 2.749
TNS   : 0.000

Type  : Fast Model Setup 'Ddr2SdramIf_inst|Ddr2SdramIf_controller_phy_inst|Ddr2SdramIf_phy_inst|Ddr2SdramIf_phy_ck_n_SDRAM_CKb_ac_fall'
Slack : 2.810
TNS   : 0.000

Type  : Fast Model Setup 'Ddr2SdramIf_inst|Ddr2SdramIf_controller_phy_inst|Ddr2SdramIf_phy_inst|Ddr2SdramIf_phy_ck_p_SDRAM_CK_ac_fall'
Slack : 2.817
TNS   : 0.000

Type  : Fast Model Setup 'Ddr2SdramIf_inst|Ddr2SdramIf_controller_phy_inst|Ddr2SdramIf_phy_inst|Ddr2SdramIf_phy_alt_mem_phy_inst|clk|pll|altpll_component|pll|clk[4]'
Slack : 3.279
TNS   : 0.000

Type  : Fast Model Setup 'n/a'
Slack : 3.583
TNS   : 0.000

Type  : Fast Model Setup 'Ddr2SdramIf_inst|Ddr2SdramIf_controller_phy_inst|Ddr2SdramIf_phy_inst|Ddr2SdramIf_phy_alt_mem_phy_inst|clk|pll|altpll_component|pll|clk[1]'
Slack : 3.959
TNS   : 0.000

Type  : Fast Model Setup 'Ddr2SdramIf_inst|Ddr2SdramIf_controller_phy_inst|Ddr2SdramIf_phy_inst|Ddr2SdramIf_phy_ddr_postamble'
Slack : 4.764
TNS   : 0.000

Type  : Fast Model Setup 'Ddr2SdramIf_inst|Ddr2SdramIf_controller_phy_inst|Ddr2SdramIf_phy_inst|Ddr2SdramIf_phy_alt_mem_phy_inst|clk|scan_clk|regout_clock'
Slack : 9.782
TNS   : 0.000

Type  : Fast Model Setup 'Ck_40MHz_virt'
Slack : 10.849
TNS   : 0.000

Type  : Fast Model Setup 'AuroraInterface|aurora_8b10b_arria_gxb_inst|aurora_8b10b_v5_3_inst|gtx_wrapper_i|gxb_transceiver_inst|alt2gxb_component|channel_rec[0].receive|clkout'
Slack : 14.152
TNS   : 0.000

Type  : Fast Model Setup 'Ck_10MHz_virt'
Slack : 20.683
TNS   : 0.000

Type  : Fast Model Setup 'MASTER_CLOCK'
Slack : 24.576
TNS   : 0.000

Type  : Fast Model Setup 'Ddr2SdramIf_inst|Ddr2SdramIf_controller_phy_inst|Ddr2SdramIf_phy_inst|Ddr2SdramIf_phy_ddr_resync'
Slack : 101.842
TNS   : 0.000

Type  : Fast Model Setup 'ClockGenerator|altpll_component|pll|clk[2]'
Slack : 832.100
TNS   : 0.000

Type  : Fast Model Setup 'ClockGenerator|altpll_component|pll|clk[2]~1'
Slack : 832.120
TNS   : 0.000

Type  : Fast Model Hold 'ADC_LCLK2'
Slack : -2.185
TNS   : -55.494

Type  : Fast Model Hold 'ADC_LCLK1'
Slack : -2.020
TNS   : -55.399

Type  : Fast Model Hold 'Ddr2SdramIf_inst|Ddr2SdramIf_controller_phy_inst|Ddr2SdramIf_phy_inst|Ddr2SdramIf_phy_alt_mem_phy_inst|clk|pll|altpll_component|pll|clk[0]'
Slack : -0.681
TNS   : -50.965

Type  : Fast Model Hold 'ClockGenerator|altpll_component|pll|clk[0]~1'
Slack : 0.074
TNS   : 0.000

Type  : Fast Model Hold 'ClockGenerator|altpll_component|pll|clk[1]~1'
Slack : 0.074
TNS   : 0.000

Type  : Fast Model Hold 'ClockGenerator|altpll_component|pll|clk[2]~1'
Slack : 0.074
TNS   : 0.000

Type  : Fast Model Hold 'ClockGenerator|altpll_component|pll|clk[0]'
Slack : 0.094
TNS   : 0.000

Type  : Fast Model Hold 'ClockGenerator|altpll_component|pll|clk[1]'
Slack : 0.094
TNS   : 0.000

Type  : Fast Model Hold 'ClockGenerator|altpll_component|pll|clk[2]'
Slack : 0.094
TNS   : 0.000

Type  : Fast Model Hold 'Ddr2SdramIf_inst|Ddr2SdramIf_controller_phy_inst|Ddr2SdramIf_phy_inst|Ddr2SdramIf_phy_alt_mem_phy_inst|clk|scan_clk|regout_clock'
Slack : 0.202
TNS   : 0.000

Type  : Fast Model Hold 'ADC_FRAME_CK1'
Slack : 0.212
TNS   : 0.000

Type  : Fast Model Hold 'ADC_FRAME_CK2'
Slack : 0.212
TNS   : 0.000

Type  : Fast Model Hold 'AuroraInterface|aurora_8b10b_arria_gxb_inst|aurora_8b10b_v5_3_inst|gtx_wrapper_i|gxb_transceiver_inst|alt2gxb_component|channel_tx[0].transmit|clkout'
Slack : 0.212
TNS   : 0.000

Type  : Fast Model Hold 'Ddr2SdramIf_inst|Ddr2SdramIf_controller_phy_inst|Ddr2SdramIf_phy_inst|Ddr2SdramIf_phy_alt_mem_phy_inst|clk|pll|altpll_component|pll|clk[2]'
Slack : 0.213
TNS   : 0.000

Type  : Fast Model Hold 'Ddr2SdramIf_inst|Ddr2SdramIf_controller_phy_inst|Ddr2SdramIf_phy_inst|Ddr2SdramIf_phy_alt_mem_phy_inst|clk|pll|altpll_component|pll|clk[4]'
Slack : 0.214
TNS   : 0.000

Type  : Fast Model Hold 'MASTER_CLOCK'
Slack : 0.215
TNS   : 0.000

Type  : Fast Model Hold 'Ddr2SdramIf_inst|Ddr2SdramIf_controller_phy_inst|Ddr2SdramIf_phy_inst|Ddr2SdramIf_phy_alt_mem_phy_inst|clk|pll|altpll_component|pll|clk[1]'
Slack : 0.216
TNS   : 0.000

Type  : Fast Model Hold 'Ddr2SdramIf_inst|Ddr2SdramIf_controller_phy_inst|Ddr2SdramIf_phy_inst|Ddr2SdramIf_phy_ddr_postamble'
Slack : 0.217
TNS   : 0.000

Type  : Fast Model Hold 'AuroraInterface|aurora_8b10b_arria_gxb_inst|aurora_8b10b_v5_3_inst|gtx_wrapper_i|gxb_transceiver_inst|alt2gxb_component|channel_rec[0].receive|clkout'
Slack : 0.224
TNS   : 0.000

Type  : Fast Model Hold 'Ddr2SdramIf_inst|Ddr2SdramIf_controller_phy_inst|Ddr2SdramIf_phy_inst|Ddr2SdramIf_phy_ddr_mimic'
Slack : 0.473
TNS   : 0.000

Type  : Fast Model Hold 'Ck_100MHz_virt'
Slack : 0.609
TNS   : 0.000

Type  : Fast Model Hold 'Ck_10MHz_virt'
Slack : 0.842
TNS   : 0.000

Type  : Fast Model Hold 'Ddr2SdramIf_inst|Ddr2SdramIf_controller_phy_inst|Ddr2SdramIf_phy_inst|Ddr2SdramIf_phy_ddr_dqsin_SDRAM_DQS'
Slack : 0.907
TNS   : 0.000

Type  : Fast Model Hold 'Ddr2SdramIf_inst|Ddr2SdramIf_controller_phy_inst|Ddr2SdramIf_phy_inst|Ddr2SdramIf_phy_ddr_dqsout_SDRAM_DQS'
Slack : 0.935
TNS   : 0.000

Type  : Fast Model Hold 'Ddr2SdramIf_inst|Ddr2SdramIf_controller_phy_inst|Ddr2SdramIf_phy_inst|Ddr2SdramIf_phy_ck_p_SDRAM_CK_ac_fall'
Slack : 1.063
TNS   : 0.000

Type  : Fast Model Hold 'Ddr2SdramIf_inst|Ddr2SdramIf_controller_phy_inst|Ddr2SdramIf_phy_inst|Ddr2SdramIf_phy_ck_n_SDRAM_CKb_ac_fall'
Slack : 1.070
TNS   : 0.000

Type  : Fast Model Hold 'Ck_40MHz_virt'
Slack : 1.158
TNS   : 0.000

Type  : Fast Model Hold 'Ddr2SdramIf_inst|Ddr2SdramIf_controller_phy_inst|Ddr2SdramIf_phy_inst|Ddr2SdramIf_phy_ck_p_SDRAM_CK_tDQSS'
Slack : 1.234
TNS   : 0.000

Type  : Fast Model Hold 'Ddr2SdramIf_inst|Ddr2SdramIf_controller_phy_inst|Ddr2SdramIf_phy_inst|Ddr2SdramIf_phy_ck_n_SDRAM_CKb_tDQSS'
Slack : 1.241
TNS   : 0.000

Type  : Fast Model Hold 'Ddr2SdramIf_inst|Ddr2SdramIf_controller_phy_inst|Ddr2SdramIf_phy_inst|Ddr2SdramIf_phy_ck_p_SDRAM_CK_tDSS'
Slack : 1.316
TNS   : 0.000

Type  : Fast Model Hold 'n/a'
Slack : 1.318
TNS   : 0.000

Type  : Fast Model Hold 'Ddr2SdramIf_inst|Ddr2SdramIf_controller_phy_inst|Ddr2SdramIf_phy_inst|Ddr2SdramIf_phy_ck_n_SDRAM_CKb_tDSS'
Slack : 1.323
TNS   : 0.000

Type  : Fast Model Hold 'Ddr2SdramIf_inst|Ddr2SdramIf_controller_phy_inst|Ddr2SdramIf_phy_inst|Ddr2SdramIf_phy_ddr_resync'
Slack : 103.012
TNS   : 0.000

Type  : Fast Model Recovery 'ClockGenerator|altpll_component|pll|clk[2]'
Slack : -2.021
TNS   : -3.437

Type  : Fast Model Recovery 'ClockGenerator|altpll_component|pll|clk[2]~1'
Slack : -2.011
TNS   : -3.417

Type  : Fast Model Recovery 'AuroraInterface|aurora_8b10b_arria_gxb_inst|aurora_8b10b_v5_3_inst|gtx_wrapper_i|gxb_transceiver_inst|alt2gxb_component|channel_tx[0].transmit|clkout'
Slack : -1.643
TNS   : -19.716

Type  : Fast Model Recovery 'ADC_FRAME_CK2'
Slack : -1.433
TNS   : -1106.445

Type  : Fast Model Recovery 'ADC_FRAME_CK1'
Slack : -1.417
TNS   : -1255.983

Type  : Fast Model Recovery 'Ddr2SdramIf_inst|Ddr2SdramIf_controller_phy_inst|Ddr2SdramIf_phy_inst|Ddr2SdramIf_phy_alt_mem_phy_inst|clk|pll|altpll_component|pll|clk[0]'
Slack : -0.639
TNS   : -14.453

Type  : Fast Model Recovery 'Ddr2SdramIf_inst|Ddr2SdramIf_controller_phy_inst|Ddr2SdramIf_phy_inst|Ddr2SdramIf_phy_alt_mem_phy_inst|clk|pll|altpll_component|pll|clk[2]'
Slack : 3.833
TNS   : 0.000

Type  : Fast Model Recovery 'Ddr2SdramIf_inst|Ddr2SdramIf_controller_phy_inst|Ddr2SdramIf_phy_inst|Ddr2SdramIf_phy_alt_mem_phy_inst|clk|pll|altpll_component|pll|clk[4]'
Slack : 4.359
TNS   : 0.000

Type  : Fast Model Recovery 'Ddr2SdramIf_inst|Ddr2SdramIf_controller_phy_inst|Ddr2SdramIf_phy_inst|Ddr2SdramIf_phy_ddr_postamble'
Slack : 4.462
TNS   : 0.000

Type  : Fast Model Recovery 'Ddr2SdramIf_inst|Ddr2SdramIf_controller_phy_inst|Ddr2SdramIf_phy_inst|Ddr2SdramIf_phy_alt_mem_phy_inst|clk|pll|altpll_component|pll|clk[1]'
Slack : 4.516
TNS   : 0.000

Type  : Fast Model Recovery 'Ddr2SdramIf_inst|Ddr2SdramIf_controller_phy_inst|Ddr2SdramIf_phy_inst|Ddr2SdramIf_phy_alt_mem_phy_inst|clk|scan_clk|regout_clock'
Slack : 20.006
TNS   : 0.000

Type  : Fast Model Recovery 'ClockGenerator|altpll_component|pll|clk[0]'
Slack : 21.218
TNS   : 0.000

Type  : Fast Model Recovery 'ClockGenerator|altpll_component|pll|clk[1]'
Slack : 21.218
TNS   : 0.000

Type  : Fast Model Recovery 'ClockGenerator|altpll_component|pll|clk[0]~1'
Slack : 21.228
TNS   : 0.000

Type  : Fast Model Recovery 'ClockGenerator|altpll_component|pll|clk[1]~1'
Slack : 21.228
TNS   : 0.000

Type  : Fast Model Recovery 'Ddr2SdramIf_inst|Ddr2SdramIf_controller_phy_inst|Ddr2SdramIf_phy_inst|Ddr2SdramIf_phy_ddr_dqsin_SDRAM_DQS'
Slack : 104.420
TNS   : 0.000

Type  : Fast Model Removal 'Ddr2SdramIf_inst|Ddr2SdramIf_controller_phy_inst|Ddr2SdramIf_phy_inst|Ddr2SdramIf_phy_alt_mem_phy_inst|clk|pll|altpll_component|pll|clk[0]'
Slack : 0.131
TNS   : 0.000

Type  : Fast Model Removal 'Ddr2SdramIf_inst|Ddr2SdramIf_controller_phy_inst|Ddr2SdramIf_phy_inst|Ddr2SdramIf_phy_alt_mem_phy_inst|clk|pll|altpll_component|pll|clk[4]'
Slack : 0.463
TNS   : 0.000

Type  : Fast Model Removal 'AuroraInterface|aurora_8b10b_arria_gxb_inst|aurora_8b10b_v5_3_inst|gtx_wrapper_i|gxb_transceiver_inst|alt2gxb_component|channel_tx[0].transmit|clkout'
Slack : 0.464
TNS   : 0.000

Type  : Fast Model Removal 'Ddr2SdramIf_inst|Ddr2SdramIf_controller_phy_inst|Ddr2SdramIf_phy_inst|Ddr2SdramIf_phy_alt_mem_phy_inst|clk|pll|altpll_component|pll|clk[1]'
Slack : 0.465
TNS   : 0.000

Type  : Fast Model Removal 'Ddr2SdramIf_inst|Ddr2SdramIf_controller_phy_inst|Ddr2SdramIf_phy_inst|Ddr2SdramIf_phy_ddr_postamble'
Slack : 0.519
TNS   : 0.000

Type  : Fast Model Removal 'ClockGenerator|altpll_component|pll|clk[1]~1'
Slack : 0.602
TNS   : 0.000

Type  : Fast Model Removal 'Ddr2SdramIf_inst|Ddr2SdramIf_controller_phy_inst|Ddr2SdramIf_phy_inst|Ddr2SdramIf_phy_alt_mem_phy_inst|clk|scan_clk|regout_clock'
Slack : 0.607
TNS   : 0.000

Type  : Fast Model Removal 'ClockGenerator|altpll_component|pll|clk[1]'
Slack : 0.622
TNS   : 0.000

Type  : Fast Model Removal 'Ddr2SdramIf_inst|Ddr2SdramIf_controller_phy_inst|Ddr2SdramIf_phy_inst|Ddr2SdramIf_phy_alt_mem_phy_inst|clk|pll|altpll_component|pll|clk[2]'
Slack : 0.796
TNS   : 0.000

Type  : Fast Model Removal 'ADC_FRAME_CK1'
Slack : 1.328
TNS   : 0.000

Type  : Fast Model Removal 'ADC_FRAME_CK2'
Slack : 1.526
TNS   : 0.000

Type  : Fast Model Removal 'ClockGenerator|altpll_component|pll|clk[0]~1'
Slack : 1.937
TNS   : 0.000

Type  : Fast Model Removal 'ClockGenerator|altpll_component|pll|clk[0]'
Slack : 1.947
TNS   : 0.000

Type  : Fast Model Removal 'ClockGenerator|altpll_component|pll|clk[2]~1'
Slack : 2.260
TNS   : 0.000

Type  : Fast Model Removal 'ClockGenerator|altpll_component|pll|clk[2]'
Slack : 2.280
TNS   : 0.000

Type  : Fast Model Removal 'Ddr2SdramIf_inst|Ddr2SdramIf_controller_phy_inst|Ddr2SdramIf_phy_inst|Ddr2SdramIf_phy_ddr_dqsin_SDRAM_DQS'
Slack : 100.488
TNS   : 0.000

Type  : Fast Model Minimum Pulse Width 'ADC_LCLK1'
Slack : 0.681
TNS   : 0.000

Type  : Fast Model Minimum Pulse Width 'ADC_LCLK2'
Slack : 0.681
TNS   : 0.000

Type  : Fast Model Minimum Pulse Width 'Ddr2SdramIf_inst|Ddr2SdramIf_controller_phy_inst|Ddr2SdramIf_phy_inst|Ddr2SdramIf_phy_alt_mem_phy_inst|clk|pll|altpll_component|pll|clk[4]'
Slack : 1.631
TNS   : 0.000

Type  : Fast Model Minimum Pulse Width 'Ddr2SdramIf_inst|Ddr2SdramIf_controller_phy_inst|Ddr2SdramIf_phy_inst|Ddr2SdramIf_phy_SDRAM_CK_mimic_launch_clock'
Slack : 1.991
TNS   : 0.000

Type  : Fast Model Minimum Pulse Width 'Ddr2SdramIf_inst|Ddr2SdramIf_controller_phy_inst|Ddr2SdramIf_phy_inst|Ddr2SdramIf_phy_alt_mem_phy_inst|clk|pll|altpll_component|pll|clk[1]'
Slack : 1.991
TNS   : 0.000

Type  : Fast Model Minimum Pulse Width 'Ddr2SdramIf_inst|Ddr2SdramIf_controller_phy_inst|Ddr2SdramIf_phy_inst|Ddr2SdramIf_phy_ck_n_SDRAM_CKb_ac_fall'
Slack : 1.991
TNS   : 0.000

Type  : Fast Model Minimum Pulse Width 'Ddr2SdramIf_inst|Ddr2SdramIf_controller_phy_inst|Ddr2SdramIf_phy_inst|Ddr2SdramIf_phy_ck_n_SDRAM_CKb_ac_rise'
Slack : 1.991
TNS   : 0.000

Type  : Fast Model Minimum Pulse Width 'Ddr2SdramIf_inst|Ddr2SdramIf_controller_phy_inst|Ddr2SdramIf_phy_inst|Ddr2SdramIf_phy_ck_n_SDRAM_CKb_tDQSS'
Slack : 1.991
TNS   : 0.000

Type  : Fast Model Minimum Pulse Width 'Ddr2SdramIf_inst|Ddr2SdramIf_controller_phy_inst|Ddr2SdramIf_phy_inst|Ddr2SdramIf_phy_ck_n_SDRAM_CKb_tDSS'
Slack : 1.991
TNS   : 0.000

Type  : Fast Model Minimum Pulse Width 'Ddr2SdramIf_inst|Ddr2SdramIf_controller_phy_inst|Ddr2SdramIf_phy_inst|Ddr2SdramIf_phy_ck_p_SDRAM_CK_ac_fall'
Slack : 1.991
TNS   : 0.000

Type  : Fast Model Minimum Pulse Width 'Ddr2SdramIf_inst|Ddr2SdramIf_controller_phy_inst|Ddr2SdramIf_phy_inst|Ddr2SdramIf_phy_ck_p_SDRAM_CK_ac_rise'
Slack : 1.991
TNS   : 0.000

Type  : Fast Model Minimum Pulse Width 'Ddr2SdramIf_inst|Ddr2SdramIf_controller_phy_inst|Ddr2SdramIf_phy_inst|Ddr2SdramIf_phy_ck_p_SDRAM_CK_tDQSS'
Slack : 1.991
TNS   : 0.000

Type  : Fast Model Minimum Pulse Width 'Ddr2SdramIf_inst|Ddr2SdramIf_controller_phy_inst|Ddr2SdramIf_phy_inst|Ddr2SdramIf_phy_ck_p_SDRAM_CK_tDSS'
Slack : 1.991
TNS   : 0.000

Type  : Fast Model Minimum Pulse Width 'Ddr2SdramIf_inst|Ddr2SdramIf_controller_phy_inst|Ddr2SdramIf_phy_inst|Ddr2SdramIf_phy_alt_mem_phy_inst|clk|pll|altpll_component|pll|clk[2]'
Slack : 2.001
TNS   : 0.000

Type  : Fast Model Minimum Pulse Width 'Ddr2SdramIf_inst|Ddr2SdramIf_controller_phy_inst|Ddr2SdramIf_phy_inst|Ddr2SdramIf_phy_alt_mem_phy_inst|clk|pll|altpll_component|pll|clk[5]'
Slack : 2.001
TNS   : 0.000

Type  : Fast Model Minimum Pulse Width 'Ddr2SdramIf_inst|Ddr2SdramIf_controller_phy_inst|Ddr2SdramIf_phy_inst|Ddr2SdramIf_phy_ddr_dqsin_SDRAM_DQS'
Slack : 2.001
TNS   : 0.000

Type  : Fast Model Minimum Pulse Width 'Ddr2SdramIf_inst|Ddr2SdramIf_controller_phy_inst|Ddr2SdramIf_phy_inst|Ddr2SdramIf_phy_ddr_dqsout_SDRAM_DQS'
Slack : 2.001
TNS   : 0.000

Type  : Fast Model Minimum Pulse Width 'Ddr2SdramIf_inst|Ddr2SdramIf_controller_phy_inst|Ddr2SdramIf_phy_inst|Ddr2SdramIf_phy_ddr_mimic'
Slack : 2.001
TNS   : 0.000

Type  : Fast Model Minimum Pulse Width 'Ddr2SdramIf_inst|Ddr2SdramIf_controller_phy_inst|Ddr2SdramIf_phy_inst|Ddr2SdramIf_phy_ddr_postamble'
Slack : 2.001
TNS   : 0.000

Type  : Fast Model Minimum Pulse Width 'Ddr2SdramIf_inst|Ddr2SdramIf_controller_phy_inst|Ddr2SdramIf_phy_inst|Ddr2SdramIf_phy_ddr_resync'
Slack : 2.001
TNS   : 0.000

Type  : Fast Model Minimum Pulse Width 'Ddr2SdramIf_inst|Ddr2SdramIf_controller_phy_inst|Ddr2SdramIf_phy_inst|Ddr2SdramIf_phy_alt_mem_phy_inst|clk|pll|altpll_component|pll|clk[0]'
Slack : 4.073
TNS   : 0.000

Type  : Fast Model Minimum Pulse Width 'Ddr2SdramIf_inst|Ddr2SdramIf_controller_phy_inst|Ddr2SdramIf_phy_inst|Ddr2SdramIf_phy_alt_mem_phy_inst|clk|scan_clk|regout_clock'
Slack : 5.526
TNS   : 0.000

Type  : Fast Model Minimum Pulse Width 'AuroraInterface|aurora_8b10b_arria_gxb_inst|aurora_8b10b_v5_3_inst|gtx_wrapper_i|gxb_transceiver_inst|alt2gxb_component|channel_rec[0].receive|clkout'
Slack : 6.200
TNS   : 0.000

Type  : Fast Model Minimum Pulse Width 'AuroraInterface|aurora_8b10b_arria_gxb_inst|aurora_8b10b_v5_3_inst|gtx_wrapper_i|gxb_transceiver_inst|alt2gxb_component|channel_tx[0].transmit|clkout'
Slack : 6.200
TNS   : 0.000

Type  : Fast Model Minimum Pulse Width 'ADC_FRAME_CK1'
Slack : 11.448
TNS   : 0.000

Type  : Fast Model Minimum Pulse Width 'ADC_FRAME_CK2'
Slack : 11.448
TNS   : 0.000

Type  : Fast Model Minimum Pulse Width 'ClockGenerator|altpll_component|pll|clk[0]'
Slack : 11.870
TNS   : 0.000

Type  : Fast Model Minimum Pulse Width 'ClockGenerator|altpll_component|pll|clk[0]~1'
Slack : 11.870
TNS   : 0.000

Type  : Fast Model Minimum Pulse Width 'MASTER_CLOCK'
Slack : 11.870
TNS   : 0.000

Type  : Fast Model Minimum Pulse Width 'USER_IN_NIM[1]'
Slack : 12.500
TNS   : 0.000

Type  : Fast Model Minimum Pulse Width 'GXB_CK'
Slack : 14.000
TNS   : 0.000

Type  : Fast Model Minimum Pulse Width 'ClockGenerator|altpll_component|pll|clk[1]'
Slack : 49.370
TNS   : 0.000

Type  : Fast Model Minimum Pulse Width 'ClockGenerator|altpll_component|pll|clk[1]~1'
Slack : 49.370
TNS   : 0.000

Type  : Fast Model Minimum Pulse Width 'ClockGenerator|altpll_component|pll|clk[2]'
Slack : 416.036
TNS   : 0.000

Type  : Fast Model Minimum Pulse Width 'ClockGenerator|altpll_component|pll|clk[2]~1'
Slack : 416.036
TNS   : 0.000

------------------------------------------------------------
